BL51 BANKED LINKER/LOCATER V6.22.4.0                                                    03/26/2024  14:22:34  PAGE 1


BL51 BANKED LINKER/LOCATER V6.22.4.0, INVOKED BY:
C:\KEIL_V5\C51\BIN\BL51.EXE .\Objects\STARTUP.obj, .\Objects\test.obj TO .\Objects\test PRINT (.\Listings\test.m51) RAMS
>> IZE (256)


MEMORY MODEL: SMALL


INPUT MODULES INCLUDED:
  .\Objects\STARTUP.obj (?C_STARTUP)
  .\Objects\test.obj (TEST)
  C:\KEIL_V5\C51\LIB\C51S.LIB (?C_INIT)
  C:\KEIL_V5\C51\LIB\C51S.LIB (?C?CLDPTR)
  C:\KEIL_V5\C51\LIB\C51S.LIB (?C?CSTPTR)
  C:\KEIL_V5\C51\LIB\C51S.LIB (?C?UIDIV)


LINK MAP OF MODULE:  .\Objects\test (?C_STARTUP)


            TYPE    BASE      LENGTH    RELOCATION   SEGMENT NAME
            -----------------------------------------------------

            * * * * * * *   D A T A   M E M O R Y   * * * * * * *
            REG     0000H     0008H     ABSOLUTE     "REG BANK 0"
            DATA    0008H     0005H     UNIT         ?DT?_INT_TO_STRING?TEST
            DATA    000DH     0004H     UNIT         _DATA_GROUP_
                    0011H     000FH                  *** GAP ***
            BIT     0020H.0   0000H.2   UNIT         ?BI?TEST
                    0020H.2   0000H.6                *** GAP ***
            IDATA   0021H     0001H     UNIT         ?STACK

            * * * * * * *   C O D E   M E M O R Y   * * * * * * *
            CODE    0000H     0003H     ABSOLUTE     
                    0003H     0020H                  *** GAP ***
            CODE    0023H     0003H     ABSOLUTE     
                    0026H     07DAH                  *** GAP ***
            CODE    0800H     009DH     UNIT         ?CO?TEST
            CODE    089DH     008CH     UNIT         ?C_C51STARTUP
            CODE    0929H     0080H     UNIT         ?C?LIB_CODE
            CODE    09A9H     006CH     UNIT         ?PR?_INT_TO_STRING?TEST
            CODE    0A15H     0063H     UNIT         ?PR?MAIN?TEST
            CODE    0A78H     0037H     UNIT         ?PR?LCD_INIT?TEST
            CODE    0AAFH     002BH     UNIT         ?PR?_TRANSMIT_STRING?TEST
            CODE    0ADAH     0025H     UNIT         ?PR?_LCD_WRITE_STRING?TEST
            CODE    0AFFH     0024H     UNIT         ?PR?_MSDELAY?TEST
            CODE    0B23H     0023H     UNIT         ?PR?LED_TEST?TEST
            CODE    0B46H     001EH     UNIT         ?PR?LCD_TEST?TEST
            CODE    0B64H     0012H     UNIT         ?PR?_LCD_CMD?TEST
            CODE    0B76H     0012H     UNIT         ?PR?_LCD_WRITE_CHAR?TEST
            CODE    0B88H     0010H     UNIT         ?PR?UART_INIT?TEST
            CODE    0B98H     0010H     UNIT         ?PR?SERIAL_ISR?TEST
            CODE    0BA8H     000AH     UNIT         ?PR?RECEIVE_CHAR?TEST
            CODE    0BB2H     0008H     UNIT         ?PR?_TRANSMIT_CHAR?TEST
            CODE    0BBAH     0005H     UNIT         ?C_INITSEG



BL51 BANKED LINKER/LOCATER V6.22.4.0                                                  03/26/2024  14:22:34  PAGE 2


OVERLAY MAP OF MODULE:   .\Objects\test (?C_STARTUP)


SEGMENT                              DATA_GROUP 
  +--> CALLED SEGMENT              START    LENGTH
--------------------------------------------------
?C_C51STARTUP                      -----    -----
  +--> ?PR?MAIN?TEST
  +--> ?C_INITSEG

?PR?MAIN?TEST                      000DH    0001H
  +--> ?PR?LCD_INIT?TEST
  +--> ?PR?UART_INIT?TEST
  +--> ?PR?_TRANSMIT_STRING?TEST
  +--> ?CO?TEST
  +--> ?PR?RECEIVE_CHAR?TEST
  +--> ?PR?LCD_TEST?TEST
  +--> ?PR?LED_TEST?TEST
  +--> ?PR?_MSDELAY?TEST

?PR?LCD_INIT?TEST                  -----    -----
  +--> ?PR?_LCD_CMD?TEST
  +--> ?PR?_MSDELAY?TEST

?PR?_LCD_CMD?TEST                  -----    -----
  +--> ?PR?_MSDELAY?TEST

?PR?_TRANSMIT_STRING?TEST          000EH    0003H
  +--> ?CO?TEST
  +--> ?PR?_TRANSMIT_CHAR?TEST

?PR?LCD_TEST?TEST                  -----    -----
  +--> ?PR?_LCD_CMD?TEST
  +--> ?CO?TEST
  +--> ?PR?_LCD_WRITE_STRING?TEST
  +--> ?PR?_MSDELAY?TEST

?PR?_LCD_WRITE_STRING?TEST         000EH    0003H
  +--> ?PR?_LCD_WRITE_CHAR?TEST

?PR?_LCD_WRITE_CHAR?TEST           -----    -----
  +--> ?PR?_MSDELAY?TEST

?PR?LED_TEST?TEST                  -----    -----
  +--> ?PR?_MSDELAY?TEST



SYMBOL TABLE OF MODULE:  .\Objects\test (?C_STARTUP)

  VALUE           TYPE          NAME
  ----------------------------------

  -------         MODULE        ?C_STARTUP
  C:089DH         SEGMENT       ?C_C51STARTUP
  I:0021H         SEGMENT       ?STACK
  C:0000H         PUBLIC        ?C_STARTUP
BL51 BANKED LINKER/LOCATER V6.22.4.0                                                  03/26/2024  14:22:34  PAGE 3


  D:00E0H         SYMBOL        ACC
  D:00F0H         SYMBOL        B
  D:0083H         SYMBOL        DPH
  D:0082H         SYMBOL        DPL
  N:0000H         SYMBOL        IBPSTACK
  N:0100H         SYMBOL        IBPSTACKTOP
  N:0080H         SYMBOL        IDATALEN
  C:08A0H         SYMBOL        IDATALOOP
  N:0000H         SYMBOL        PBPSTACK
  N:0100H         SYMBOL        PBPSTACKTOP
  N:0000H         SYMBOL        PDATALEN
  N:0000H         SYMBOL        PDATASTART
  N:0000H         SYMBOL        PPAGE
  N:0000H         SYMBOL        PPAGEENABLE
  D:00A0H         SYMBOL        PPAGE_SFR
  D:0081H         SYMBOL        SP
  C:089DH         SYMBOL        STARTUP1
  N:0000H         SYMBOL        XBPSTACK
  N:0000H         SYMBOL        XBPSTACKTOP
  N:0000H         SYMBOL        XDATALEN
  N:0000H         SYMBOL        XDATASTART
  C:0000H         LINE#         126
  C:089DH         LINE#         133
  C:089FH         LINE#         134
  C:08A0H         LINE#         135
  C:08A1H         LINE#         136
  C:08A3H         LINE#         185
  C:08A6H         LINE#         196
  -------         ENDMOD        ?C_STARTUP

  -------         MODULE        TEST
  C:0000H         SYMBOL        _ICE_DUMMY_
  D:0080H         PUBLIC        P0
  D:0090H         PUBLIC        P1
  D:00A0H         PUBLIC        P2
  D:00B0H         PUBLIC        P3
  D:00C0H         PUBLIC        P4
  B:00A8H.7       PUBLIC        EA
  B:0090H.4       PUBLIC        LED1
  B:0090H.5       PUBLIC        LED2
  B:0090H.6       PUBLIC        LED3
  B:0090H.7       PUBLIC        LED4
  C:09A9H         PUBLIC        _int_to_string
  D:00A8H         PUBLIC        IEN0
  B:0080H.2       PUBLIC        EN
  D:00B8H         PUBLIC        IPL0
  B:00A8H.4       PUBLIC        ES
  B:0098H.0       PUBLIC        RI
  B:0098H.1       PUBLIC        TI
  D:00D8H         PUBLIC        CCON
  B:0080H.0       PUBLIC        RS
  C:0A15H         PUBLIC        main
  B:0080H.1       PUBLIC        RW
  B:0020H.0       PUBLIC        rx_complete
  B:0020H.1       PUBLIC        tx_complete
  D:0099H         PUBLIC        SBUF
  D:0098H         PUBLIC        SCON
BL51 BANKED LINKER/LOCATER V6.22.4.0                                                  03/26/2024  14:22:34  PAGE 4


  D:0089H         PUBLIC        TMOD
  D:0088H         PUBLIC        TCON
  C:0ADAH         PUBLIC        _lcd_write_string
  C:0B76H         PUBLIC        _lcd_write_char
  C:0B64H         PUBLIC        _lcd_cmd
  C:0A78H         PUBLIC        lcd_init
  D:008DH         PUBLIC        TH1
  C:0B98H         PUBLIC        serial_ISR
  C:0B88H         PUBLIC        uart_init
  C:0B46H         PUBLIC        lcd_test
  D:00F8H         PUBLIC        UEPINT
  B:0088H.6       PUBLIC        TR1
  C:0B23H         PUBLIC        led_test
  D:00C8H         PUBLIC        T2CON
  C:0BA8H         PUBLIC        receive_char
  C:0AB5H         PUBLIC        _transmit_string
  C:0B03H         PUBLIC        _msdelay
  C:0BB2H         PUBLIC        _transmit_char
  -------         PROC          _INT_TO_STRING
  D:0008H         SYMBOL        x
  D:000AH         SYMBOL        s
  C:09A9H         LINE#         23
  C:09B3H         LINE#         24
  C:09B3H         LINE#         25
  C:09C3H         LINE#         26
  C:09DCH         LINE#         27
  C:0A14H         LINE#         28
  -------         ENDPROC       _INT_TO_STRING
  -------         PROC          LCD_INIT
  C:0A78H         LINE#         30
  C:0A78H         LINE#         31
  C:0A78H         LINE#         32
  C:0A7BH         LINE#         33
  C:0A7DH         LINE#         34
  C:0A7FH         LINE#         35
  C:0A81H         LINE#         37
  C:0A87H         LINE#         38
  C:0A8AH         LINE#         39
  C:0A91H         LINE#         40
  C:0A94H         LINE#         41
  C:0A9BH         LINE#         42
  C:0A9EH         LINE#         43
  C:0AA5H         LINE#         44
  C:0AA8H         LINE#         45
  -------         ENDPROC       LCD_INIT
  C:0AFFH         SYMBOL        L?0052
  -------         PROC          L?0051
  -------         ENDPROC       L?0051
  C:0AFFH         SYMBOL        L?0052
  -------         PROC          _MSDELAY
  D:0006H         SYMBOL        time
  -------         DO            
  D:0004H         SYMBOL        i
  D:0002H         SYMBOL        j
  -------         ENDDO         
  C:0B03H         LINE#         52
  C:0B03H         LINE#         53
BL51 BANKED LINKER/LOCATER V6.22.4.0                                                  03/26/2024  14:22:34  PAGE 5


  C:0B03H         LINE#         55
  C:0B0DH         LINE#         56
  C:0B0DH         LINE#         57
  C:0B1BH         LINE#         58
  C:0B22H         LINE#         59
  -------         ENDPROC       _MSDELAY
  -------         PROC          _LCD_CMD
  D:0006H         SYMBOL        i
  C:0B64H         LINE#         66
  C:0B64H         LINE#         67
  C:0B64H         LINE#         68
  C:0B66H         LINE#         69
  C:0B68H         LINE#         70
  C:0B6AH         LINE#         71
  C:0B6CH         LINE#         72
  C:0B73H         LINE#         73
  C:0B75H         LINE#         74
  -------         ENDPROC       _LCD_CMD
  -------         PROC          _LCD_WRITE_CHAR
  D:0007H         SYMBOL        ch
  C:0B76H         LINE#         81
  C:0B76H         LINE#         82
  C:0B76H         LINE#         83
  C:0B78H         LINE#         84
  C:0B7AH         LINE#         85
  C:0B7CH         LINE#         86
  C:0B7EH         LINE#         87
  C:0B85H         LINE#         88
  C:0B87H         LINE#         89
  -------         ENDPROC       _LCD_WRITE_CHAR
  -------         PROC          _LCD_WRITE_STRING
  D:000EH         SYMBOL        s
  C:0ADAH         LINE#         96
  C:0AE0H         LINE#         97
  C:0AE0H         LINE#         98
  C:0AEBH         LINE#         99
  C:0AEBH         LINE#         100
  C:0AFCH         LINE#         101
  C:0AFEH         LINE#         102
  -------         ENDPROC       _LCD_WRITE_STRING
  -------         PROC          UART_INIT
  C:0B88H         LINE#         13
  C:0B88H         LINE#         14
  C:0B88H         LINE#         15
  C:0B8BH         LINE#         16
  C:0B8EH         LINE#         17
  C:0B91H         LINE#         18
  C:0B93H         LINE#         19
  C:0B95H         LINE#         20
  C:0B97H         LINE#         21
  -------         ENDPROC       UART_INIT
  -------         PROC          _TRANSMIT_CHAR
  D:0007H         SYMBOL        ch
  C:0BB2H         LINE#         27
  C:0BB2H         LINE#         28
  C:0BB2H         LINE#         29
  C:0BB4H         LINE#         30
BL51 BANKED LINKER/LOCATER V6.22.4.0                                                  03/26/2024  14:22:34  PAGE 6


  C:0BB7H         LINE#         31
  C:0BB9H         LINE#         32
  -------         ENDPROC       _TRANSMIT_CHAR
  -------         PROC          L?0053
  -------         ENDPROC       L?0053
  -------         PROC          _TRANSMIT_STRING
  D:000EH         SYMBOL        s
  C:0AB5H         LINE#         38
  C:0ABBH         LINE#         39
  C:0ABBH         LINE#         40
  C:0AC6H         LINE#         41
  C:0AC6H         LINE#         42
  C:0AD7H         LINE#         43
  C:0AD9H         LINE#         44
  -------         ENDPROC       _TRANSMIT_STRING
  -------         PROC          RECEIVE_CHAR
  -------         DO            
  D:0007H         SYMBOL        ch
  -------         ENDDO         
  C:0BA8H         LINE#         51
  C:0BA8H         LINE#         52
  C:0BA8H         LINE#         53
  C:0BAAH         LINE#         54
  C:0BADH         LINE#         55
  C:0BAFH         LINE#         56
  C:0BB1H         LINE#         57
  C:0BB1H         LINE#         58
  -------         ENDPROC       RECEIVE_CHAR
  -------         PROC          SERIAL_ISR
  C:0B98H         LINE#         68
  C:0B98H         LINE#         70
  C:0B9BH         LINE#         71
  C:0B9BH         LINE#         72
  C:0B9DH         LINE#         73
  C:0B9FH         LINE#         74
  C:0BA0H         LINE#         75
  C:0BA3H         LINE#         76
  C:0BA3H         LINE#         77
  C:0BA5H         LINE#         78
  C:0BA7H         LINE#         79
  C:0BA7H         LINE#         80
  -------         ENDPROC       SERIAL_ISR
  -------         PROC          LCD_TEST
  C:0B46H         LINE#         18
  C:0B46H         LINE#         19
  C:0B46H         LINE#         20
  C:0B4DH         LINE#         21
  C:0B56H         LINE#         22
  C:0B5DH         LINE#         23
  -------         ENDPROC       LCD_TEST
  -------         PROC          LED_TEST
  C:0B23H         LINE#         32
  C:0B23H         LINE#         33
  C:0B23H         LINE#         35
  C:0B25H         LINE#         36
  C:0B2CH         LINE#         37
  C:0B2EH         LINE#         38
BL51 BANKED LINKER/LOCATER V6.22.4.0                                                  03/26/2024  14:22:34  PAGE 7


  C:0B30H         LINE#         39
  C:0B33H         LINE#         40
  C:0B35H         LINE#         41
  C:0B37H         LINE#         42
  C:0B3AH         LINE#         43
  C:0B3CH         LINE#         44
  C:0B3EH         LINE#         45
  C:0B41H         LINE#         46
  C:0B43H         LINE#         47
  -------         ENDPROC       LED_TEST
  -------         PROC          MAIN
  -------         DO            
  D:000DH         SYMBOL        ch
  -------         ENDDO         
  C:0A15H         LINE#         52
  C:0A15H         LINE#         53
  C:0A15H         LINE#         54
  C:0A18H         LINE#         57
  C:0A1BH         LINE#         60
  C:0A1EH         LINE#         61
  C:0A21H         LINE#         64
  C:0A24H         LINE#         65
  C:0A2DH         LINE#         66
  C:0A30H         LINE#         67
  C:0A39H         LINE#         68
  C:0A42H         LINE#         70
  C:0A42H         LINE#         71
  C:0A42H         LINE#         73
  C:0A47H         LINE#         77
  C:0A50H         LINE#         78
  C:0A50H         LINE#         79
  C:0A50H         LINE#         80
  C:0A53H         LINE#         81
  C:0A59H         LINE#         82
  C:0A5BH         LINE#         84
  C:0A5BH         LINE#         85
  C:0A5EH         LINE#         86
  C:0A64H         LINE#         87
  C:0A66H         LINE#         89
  C:0A66H         LINE#         90
  C:0A6FH         LINE#         91
  C:0A6FH         LINE#         92
  C:0A6FH         LINE#         93
  C:0A76H         LINE#         94
  -------         ENDPROC       MAIN
  -------         ENDMOD        TEST

  -------         MODULE        ?C?CLDPTR
  C:0929H         PUBLIC        ?C?CLDPTR
  -------         ENDMOD        ?C?CLDPTR

  -------         MODULE        ?C?CSTPTR
  C:0942H         PUBLIC        ?C?CSTPTR
  -------         ENDMOD        ?C?CSTPTR

  -------         MODULE        ?C?UIDIV
  C:0954H         PUBLIC        ?C?UIDIV
BL51 BANKED LINKER/LOCATER V6.22.4.0                                                  03/26/2024  14:22:34  PAGE 8


  -------         ENDMOD        ?C?UIDIV

*** WARNING L16: UNCALLED SEGMENT, IGNORED FOR OVERLAY PROCESS
    SEGMENT: ?PR?_INT_TO_STRING?TEST

******************************************************************************
* RESTRICTED VERSION WITH 0800H BYTE CODE SIZE LIMIT; USED: 02C4H BYTE (34%) *
******************************************************************************

Program Size: data=18.2 xdata=0 code=965
LINK/LOCATE RUN COMPLETE.  1 WARNING(S),  0 ERROR(S)
