C51 COMPILER V9.60.7.0   MAC                                                               02/13/2024 01:57:29 PAGE 1   


C51 COMPILER V9.60.7.0, COMPILATION OF MODULE MAC
OBJECT MODULE PLACED IN .\Objects\mac.obj
COMPILER INVOKED BY: C:\Keil_v5\C51\BIN\C51.EXE mac.c OPTIMIZE(8,SPEED) BROWSE DEBUG OBJECTEXTEND PRINT(.\Listings\mac.l
                    -st) TABS(2) OBJECT(.\Objects\mac.obj)

line level    source

   1          #include <at89c5131.h>
   2          #include "lcd.h"
   3          
   4          code unsigned char display_msg1[]="Input 1:        ";           //Display msg on 1st line of lcd
   5          code unsigned char display_msg2[]="Input 2:        ";         //Display msg on 1st line of lcd
   6          code unsigned char display_msg3[]="Prediction:     ";
   7          
   8          code int w0=-36;
   9          code int w1=5;
  10          code int w2=7;
  11          
  12          void main()
  13          {
  14   1        lcd_init();
  15   1        lcd_cmd(0x80);                          //Move cursor to first line
  16   1        msdelay(4);
  17   1        lcd_write_string(display_msg1);
  18   1        msdelay(5000);
  19   1        unsigned char x1 = P0 & 0x0F;
*** ERROR C141 IN LINE 19 OF mac.c: syntax error near 'unsigned', expected '__asm'
*** ERROR C202 IN LINE 19 OF mac.c: 'x1': undefined identifier
  20   1        lcd_cmd(0xC0);                          //Move cursor to 2nd line of LCD
  21   1        msdelay(4);
  22   1        lcd_write_string(display_msg2);
  23   1        msdelay(5000);
  24   1        unsigned char x1 = P0 & 0x0F;
*** ERROR C141 IN LINE 24 OF mac.c: syntax error near 'unsigned', expected '__asm'
*** ERROR C202 IN LINE 24 OF mac.c: 'x1': undefined identifier
  25   1        
  26   1        unsigned char y=w0+(x1*w1)+(x2*w2);
*** ERROR C141 IN LINE 26 OF mac.c: syntax error near 'unsigned', expected '__asm'
*** ERROR C202 IN LINE 26 OF mac.c: 'y': undefined identifier
  27   1        
  28   1        unsigned char output
*** ERROR C141 IN LINE 28 OF mac.c: syntax error near 'unsigned', expected '__asm'
  29   1          if (y<0 ){
*** ERROR C202 IN LINE 29 OF mac.c: 'output': undefined identifier
  30   2            output = "Class 1         ";
*** ERROR C202 IN LINE 30 OF mac.c: 'output': undefined identifier
  31   2          }else{
  32   2            output = "Class 2         ";
*** ERROR C202 IN LINE 32 OF mac.c: 'output': undefined identifier
  33   2          }
  34   1        lcd_cmd(0x80);                         //cursor to first line
  35   1        msdelay(4);
  36   1        lcd_write_string(display_msg3);
  37   1        lcd_cmd(0xC0);
  38   1        msdelay(4);
  39   1        lcd_write_string(output);
*** ERROR C202 IN LINE 39 OF mac.c: 'output': undefined identifier
  40   1        while(1);
  41   1          
  42   1      }

C51 COMPILATION COMPLETE.  0 WARNING(S),  11 ERROR(S)
