C51 COMPILER V9.60.7.0   KEYPAD                                                            03/12/2024 16:18:03 PAGE 1   


C51 COMPILER V9.60.7.0, COMPILATION OF MODULE KEYPAD
OBJECT MODULE PLACED IN .\Objects\keypad.obj
COMPILER INVOKED BY: C:\Keil_v5\C51\BIN\C51.EXE keypad.c OPTIMIZE(8,SPEED) BROWSE DEBUG OBJECTEXTEND PRINT(.\Listings\ke
                    -ypad.lst) TABS(2) OBJECT(.\Objects\keypad.obj)

line level    source

   1          #include <at89c5131.h>
   2          #include <math.h>
   3          #include <lcd.h>
   4          
   5          sbit speaker = P0^7;
   6          code int freq[16] = {240,270,300,0,320,360,400,0,450,480,0,0,0,0,0,0};
   7          code char lookup[4][4][16] = {
   8              {"Sa", "Re", "Ga", "A"},
   9              {"Ma", "Pa", "Dha", "B"},
  10              {"Ni", "Sa", "Silence", "C"},
  11              {"*", "0", "#", "D"}
  12          };
  13          
  14          void delay_20ms(void);
  15          void sq_wave(int freq);
  16          
  17          void sq_wave(int freq){
  18   1        int count_freq;
  19   1        TMOD = 0x10;
  20   1        count_freq = (int) (65534 - (1000000/(freq-1)));
  21   1        TH1 = count_freq/256;
  22   1        TL1 = count_freq%256;
  23   1        speaker = 0;
  24   1        TR1 = 1;
  25   1        while(TF1 != 1);
  26   1        speaker = 1;
  27   1        TF1 = 0;
  28   1        TR1 = 0;
  29   1        TH1 = count_freq/256;
  30   1        TL1 = count_freq%256;
  31   1        TR1 = 1;
  32   1        while(TF1 != 1);
  33   1        TF1 = 0;
  34   1        TR1 = 0;
  35   1        return;
  36   1      }
  37          void delay_20ms(void){
  38   1        msdelay(20);
  39   1      }
  40          void main(){
  41   1        unsigned int i=0,j=0,acc;
  42   1        while(1){
  43   2          P3 = 0x0F;
  44   2          while(1){
  45   3            lcd_init();     
  46   3            while(1){
  47   4            if (freq[4*i+j] != 0){
  48   5              sq_wave(freq[4*i+j]);
  49   5            };
  50   4            lcd_cmd(0x80);                          //Move cursor to first line
  51   4            msdelay(4);
  52   4            lcd_write_string(lookup[i][j]);
  53   4            acc = P3 & 0x0F;
  54   4            if(acc == 0x0F){
C51 COMPILER V9.60.7.0   KEYPAD                                                            03/12/2024 16:18:03 PAGE 2   

  55   5              break;
  56   5              
  57   5            } 
  58   4          }
  59   3          lcd_cmd(0x01);
  60   3          while(1){
  61   4            acc = P3 & 0x0F;
  62   4            if(acc != 0x0F){
  63   5              break;
  64   5            }
  65   4          }
  66   3          delay_20ms();
  67   3          acc = P3;
  68   3          acc = acc & 0x0F;
  69   3          if(acc != 0x0F){
  70   4            break;
  71   4          }
  72   3          }                                     //row number    
  73   2          i = 4;
  74   2          while(1){
  75   3            i--;
  76   3            acc = 0x01;
  77   3            acc = acc*pow(2,i+4);
  78   3            acc = 0xff - acc;
  79   3            P3 = acc;
  80   3            acc = P3 & 0x0F;
  81   3            if(acc != 0x0F){
  82   4              break;
  83   4            }
  84   3          }
  85   2          switch(acc){                           //column number
  86   3            case 0x07: j = 0;
  87   3                        break;
  88   3            case 0x0B: j = 1;
  89   3                        break;
  90   3            case 0x0D: j = 2;
  91   3                        break;
  92   3            case 0x0E: j = 3;
  93   3                        break;
  94   3            default: break;
  95   3          }
  96   2      }
  97   1      }


MODULE INFORMATION:   STATIC OVERLAYABLE
   CODE SIZE        =    646    ----
   CONSTANT SIZE    =    288    ----
   XDATA SIZE       =   ----    ----
   PDATA SIZE       =   ----    ----
   DATA SIZE        =   ----       9
   IDATA SIZE       =   ----    ----
   BIT SIZE         =   ----    ----
END OF MODULE INFORMATION.


C51 COMPILATION COMPLETE.  0 WARNING(S),  0 ERROR(S)
