A51 MACRO ASSEMBLER  DELAY_5                                                              01/30/2024 15:48:05 PAGE     1


MACRO ASSEMBLER A51 V8.2.7.0
OBJECT MODULE PLACED IN .\Objects\delay_5.obj
ASSEMBLER INVOKED BY: C:\Keil_v5\C51\BIN\A51.EXE delay_5.a51 SET(SMALL) DEBUG PRINT(.\Listings\delay_5.lst) OBJECT(.\Obj
                      ects\delay_5.obj) EP

LOC  OBJ            LINE     SOURCE

0000                   1     ORG 0H
0000 020100            2     LJMP MAIN
0100                   3     ORG 100H
0100                   4     MAIN:
0100 D294              5     setb p1.4
0102 3130              6     aCALL DELAY_5s
0104 C294              7     clr p1.4
0106 80FE              8     HERE: SJMP HERE
0130                   9     ORG 130H
                      10     
0130                  11     DELAY_5s:
0130 C000             12     push 00h
0132 7832             13     mov r0,#50
0134 313B             14     h4: acall delay_100ms
0136 D8FC             15     djnz r0,h4
0138 D000             16     pop 00h
013A 22               17     RET
                      18     
013B                  19     delay_100ms:
013B C000             20     push 00h
013D 7864             21     mov r0,#100
013F 3146             22     h3: acall delay_1ms
0141 D8FC             23     djnz r0,h3
0143 D000             24     pop 00h
0145 22               25     ret
                      26     
0146                  27     delay_1ms:
0146 C000             28     push 00h
0148 7804             29     mov r0, #4
014A 3151             30     h2: acall delay_250us
014C D8FC             31     djnz r0, h2
014E D000             32     pop 00h
0150 22               33     ret
                      34     
0151                  35     delay_250us:
0151 C000             36     push 00h                 
0153 78F4             37     mov r0, #244             
0155 D8FE             38     h1: djnz r0, h1          
0157 D000             39     pop 00h                  
0159 22               40     ret                      
                      41     
                      42     END
A51 MACRO ASSEMBLER  DELAY_5                                                              01/30/2024 15:48:05 PAGE     2

SYMBOL TABLE LISTING
------ ----- -------


N A M E             T Y P E  V A L U E   ATTRIBUTES

DELAY_100MS. . . .  C ADDR   013BH   A   
DELAY_1MS. . . . .  C ADDR   0146H   A   
DELAY_250US. . . .  C ADDR   0151H   A   
DELAY_5S . . . . .  C ADDR   0130H   A   
H1 . . . . . . . .  C ADDR   0155H   A   
H2 . . . . . . . .  C ADDR   014AH   A   
H3 . . . . . . . .  C ADDR   013FH   A   
H4 . . . . . . . .  C ADDR   0134H   A   
HERE . . . . . . .  C ADDR   0106H   A   
MAIN . . . . . . .  C ADDR   0100H   A   
P1 . . . . . . . .  D ADDR   0090H   A   


REGISTER BANK(S) USED: 0 


ASSEMBLY COMPLETE.  0 WARNING(S), 0 ERROR(S)
